// Jest Snapshot v1, https://goo.gl/fbAQLP

exports[`make sure the fn is cached 1`] = `
Object {
  "dependencies": Array [
    Object {
      "name": "ObservableObject@5.m",
    },
    Object {
      "dependencies": Array [
        Object {
          "name": "ObservableObject@5.a",
        },
        Object {
          "name": "ObservableObject@5.b",
        },
      ],
      "name": "computedFn(m#1)",
    },
    Object {
      "name": "ObservableObject@5.c",
    },
  ],
  "name": "Autorun@6",
}
`;
